------------------------------------------------------------
Timing Analyzer Summary
------------------------------------------------------------

Type  : Slow 1200mV 85C Model Setup 'clk'
Slack : -3.297
TNS   : -127.058

Type  : Slow 1200mV 85C Model Setup 'refresh_cnt[17]'
Slack : -0.001
TNS   : -0.001

Type  : Slow 1200mV 85C Model Hold 'refresh_cnt[17]'
Slack : 0.453
TNS   : 0.000

Type  : Slow 1200mV 85C Model Hold 'clk'
Slack : 0.492
TNS   : 0.000

Type  : Slow 1200mV 85C Model Minimum Pulse Width 'clk'
Slack : -3.000
TNS   : -87.759

Type  : Slow 1200mV 85C Model Minimum Pulse Width 'refresh_cnt[17]'
Slack : -1.487
TNS   : -2.974

Type  : Slow 1200mV 0C Model Setup 'clk'
Slack : -3.075
TNS   : -112.522

Type  : Slow 1200mV 0C Model Setup 'refresh_cnt[17]'
Slack : 0.091
TNS   : 0.000

Type  : Slow 1200mV 0C Model Hold 'refresh_cnt[17]'
Slack : 0.401
TNS   : 0.000

Type  : Slow 1200mV 0C Model Hold 'clk'
Slack : 0.454
TNS   : 0.000

Type  : Slow 1200mV 0C Model Minimum Pulse Width 'clk'
Slack : -3.000
TNS   : -87.759

Type  : Slow 1200mV 0C Model Minimum Pulse Width 'refresh_cnt[17]'
Slack : -1.487
TNS   : -2.974

Type  : Fast 1200mV 0C Model Setup 'clk'
Slack : -0.902
TNS   : -24.816

Type  : Fast 1200mV 0C Model Setup 'refresh_cnt[17]'
Slack : 0.565
TNS   : 0.000

Type  : Fast 1200mV 0C Model Hold 'refresh_cnt[17]'
Slack : 0.186
TNS   : 0.000

Type  : Fast 1200mV 0C Model Hold 'clk'
Slack : 0.198
TNS   : 0.000

Type  : Fast 1200mV 0C Model Minimum Pulse Width 'clk'
Slack : -3.000
TNS   : -63.696

Type  : Fast 1200mV 0C Model Minimum Pulse Width 'refresh_cnt[17]'
Slack : -1.000
TNS   : -2.000

------------------------------------------------------------
